// Vitest Snapshot v1, https://vitest.dev/guide/snapshot.html

exports[`test if the list matches the snapshot 1`] = `
[
  {
    "name": "bank select",
  },
  {
    "name": "modulation wheel",
  },
  {
    "name": "breath controller",
  },
  {
    "name": "undefined ",
  },
  {
    "name": "foot controller",
  },
  {
    "name": "portamento time",
  },
  {
    "name": "data entry slider",
  },
  {
    "name": "main volume",
  },
  {
    "name": "balance",
  },
  {
    "name": "undefined ",
  },
  {
    "name": "pan position",
  },
  {
    "name": "expression",
  },
  {
    "name": "effect control 1",
  },
  {
    "name": "effect control 2",
  },
  {
    "name": "undefined ",
  },
  {
    "name": "undefined ",
  },
  {
    "name": "general purpose",
  },
  {
    "name": "general purpose",
  },
  {
    "name": "general purpose",
  },
  {
    "name": "general purpose",
  },
  {
    "name": "undefined ",
  },
  {
    "name": "undefined ",
  },
  {
    "name": "undefined ",
  },
  {
    "name": "undefined ",
  },
  {
    "name": "undefined ",
  },
  {
    "name": "undefined ",
  },
  {
    "name": "undefined ",
  },
  {
    "name": "undefined ",
  },
  {
    "name": "undefined ",
  },
  {
    "name": "undefined ",
  },
  {
    "name": "undefined ",
  },
  {
    "name": "undefined ",
  },
  {
    "name": "controller0",
  },
  {
    "name": "controller1",
  },
  {
    "name": "controller2",
  },
  {
    "name": "controller3",
  },
  {
    "name": "controller4",
  },
  {
    "name": "controller5",
  },
  {
    "name": "controller6",
  },
  {
    "name": "controller7",
  },
  {
    "name": "controller8",
  },
  {
    "name": "controller9",
  },
  {
    "name": "controller10",
  },
  {
    "name": "controller11",
  },
  {
    "name": "controller12",
  },
  {
    "name": "controller13",
  },
  {
    "name": "controller14",
  },
  {
    "name": "controller15",
  },
  {
    "name": "controller16",
  },
  {
    "name": "controller17",
  },
  {
    "name": "controller18",
  },
  {
    "name": "controller19",
  },
  {
    "name": "controller20",
  },
  {
    "name": "controller21",
  },
  {
    "name": "controller22",
  },
  {
    "name": "controller23",
  },
  {
    "name": "controller24",
  },
  {
    "name": "controller25",
  },
  {
    "name": "controller26",
  },
  {
    "name": "controller27",
  },
  {
    "name": "controller28",
  },
  {
    "name": "controller29",
  },
  {
    "name": "controller30",
  },
  {
    "name": "controller31",
  },
  {
    "name": "hold pedal",
  },
  {
    "name": "portamento",
  },
  {
    "name": "sostenuto pedal",
  },
  {
    "name": "soft pedal",
  },
  {
    "name": "legato pedal",
  },
  {
    "name": "hold 2 pedal",
  },
  {
    "name": "sound variation",
  },
  {
    "name": "resonance",
  },
  {
    "name": "sound release time",
  },
  {
    "name": "sound attack time",
  },
  {
    "name": "frequency cutoff",
  },
  {
    "name": "sound control06",
  },
  {
    "name": "sound control16",
  },
  {
    "name": "sound control26",
  },
  {
    "name": "sound control36",
  },
  {
    "name": "sound control46",
  },
  {
    "name": "decay",
  },
  {
    "name": "hi pass filter cutoff",
  },
  {
    "name": "general purpose button 3",
  },
  {
    "name": "general purpose button 4",
  },
  {
    "name": "portamento amount",
  },
  {
    "name": "undefined ",
  },
  {
    "name": "undefined ",
  },
  {
    "name": "undefined ",
  },
  {
    "name": "undefined ",
  },
  {
    "name": "undefined ",
  },
  {
    "name": "undefined ",
  },
  {
    "name": "reverb level",
  },
  {
    "name": "tremolo level",
  },
  {
    "name": "chorus level",
  },
  {
    "name": "detune level",
  },
  {
    "name": "phaser level",
  },
  {
    "name": "data button increment",
  },
  {
    "name": "data button decrement",
  },
  {
    "name": "non-registered parameter",
  },
  {
    "name": "non-registered parameter",
  },
  {
    "name": "registered parameter",
  },
  {
    "name": "registered parameter",
  },
  {
    "name": "undefined ",
  },
  {
    "name": "undefined ",
  },
  {
    "name": "undefined ",
  },
  {
    "name": "undefined ",
  },
  {
    "name": "undefined ",
  },
  {
    "name": "undefined ",
  },
  {
    "name": "undefined ",
  },
  {
    "name": "undefined ",
  },
  {
    "name": "undefined ",
  },
  {
    "name": "undefined ",
  },
  {
    "name": "undefined ",
  },
  {
    "name": "undefined ",
  },
  {
    "name": "undefined ",
  },
  {
    "name": "undefined ",
  },
  {
    "name": "undefined ",
  },
  {
    "name": "undefined ",
  },
  {
    "name": "undefined ",
  },
  {
    "name": "undefined ",
  },
  {
    "name": "all sound off",
  },
  {
    "name": "all controllers off",
  },
  {
    "name": "local keyboard (on/off)",
  },
  {
    "name": "all notes off",
  },
  {
    "name": "omni mode off",
  },
  {
    "name": "omni mode on",
  },
  {
    "name": "mono operation",
  },
  {
    "name": "poly mode",
  },
]
`;
