// Jest Snapshot v1, https://goo.gl/fbAQLP

exports[`compiler compileModules 1`] = `
[
  {
    "ast": [
      {
        "arguments": [
          {
            "type": "identifier",
            "value": "abs",
          },
        ],
        "instruction": "module",
        "lineNumber": 1,
      },
      {
        "arguments": [
          {
            "type": "identifier",
            "value": "DEFAULT_VALUE",
          },
          {
            "isInteger": true,
            "type": "literal",
            "value": 0,
          },
        ],
        "instruction": "int",
        "lineNumber": 4,
      },
      {
        "arguments": [
          {
            "type": "identifier",
            "value": "in",
          },
          {
            "type": "identifier",
            "value": "&DEFAULT_VALUE",
          },
        ],
        "instruction": "int*",
        "lineNumber": 5,
      },
      {
        "arguments": [
          {
            "type": "identifier",
            "value": "out",
          },
          {
            "isInteger": true,
            "type": "literal",
            "value": 0,
          },
        ],
        "instruction": "int",
        "lineNumber": 6,
      },
      {
        "arguments": [
          {
            "type": "identifier",
            "value": "test",
          },
          {
            "isInteger": true,
            "type": "literal",
            "value": 1,
          },
        ],
        "instruction": "int",
        "lineNumber": 7,
      },
      {
        "arguments": [
          {
            "type": "identifier",
            "value": "int",
          },
          {
            "type": "identifier",
            "value": "input",
          },
        ],
        "instruction": "local",
        "lineNumber": 10,
      },
      {
        "arguments": [
          {
            "type": "identifier",
            "value": "&out",
          },
        ],
        "instruction": "push",
        "lineNumber": 13,
      },
      {
        "arguments": [
          {
            "type": "identifier",
            "value": "in",
          },
        ],
        "instruction": "push",
        "lineNumber": 14,
      },
      {
        "arguments": [
          {
            "type": "identifier",
            "value": "input",
          },
        ],
        "instruction": "localSet",
        "lineNumber": 15,
      },
      {
        "arguments": [
          {
            "type": "identifier",
            "value": "input",
          },
        ],
        "instruction": "push",
        "lineNumber": 16,
      },
      {
        "arguments": [
          {
            "isInteger": true,
            "type": "literal",
            "value": 0,
          },
        ],
        "instruction": "push",
        "lineNumber": 17,
      },
      {
        "arguments": [],
        "instruction": "lessThan",
        "lineNumber": 18,
      },
      {
        "arguments": [],
        "instruction": "if",
        "lineNumber": 19,
      },
      {
        "arguments": [
          {
            "isInteger": true,
            "type": "literal",
            "value": 0,
          },
        ],
        "instruction": "push",
        "lineNumber": 20,
      },
      {
        "arguments": [
          {
            "type": "identifier",
            "value": "input",
          },
        ],
        "instruction": "push",
        "lineNumber": 21,
      },
      {
        "arguments": [],
        "instruction": "sub",
        "lineNumber": 22,
      },
      {
        "arguments": [],
        "instruction": "else",
        "lineNumber": 23,
      },
      {
        "arguments": [
          {
            "type": "identifier",
            "value": "input",
          },
        ],
        "instruction": "push",
        "lineNumber": 24,
      },
      {
        "arguments": [],
        "instruction": "ifEnd",
        "lineNumber": 25,
      },
      {
        "arguments": [],
        "instruction": "store",
        "lineNumber": 26,
      },
      {
        "arguments": [],
        "instruction": "moduleEnd",
        "lineNumber": 27,
      },
    ],
    "byteAddress": 0,
    "id": "abs",
    "index": 0,
    "initFunctionBody": [],
    "loopFunction": [
      32,
      1,
      1,
      127,
      65,
      8,
      65,
      4,
      40,
      2,
      0,
      33,
      0,
      32,
      0,
      65,
      0,
      72,
      4,
      127,
      65,
      0,
      32,
      0,
      107,
      5,
      32,
      0,
      11,
      54,
      2,
      0,
      11,
    ],
    "memoryMap": {
      "DEFAULT_VALUE": {
        "byteAddress": 0,
        "default": 0,
        "elementWordSize": 4,
        "id": "DEFAULT_VALUE",
        "isInteger": true,
        "isPointer": false,
        "isPointingToInteger": false,
        "isPointingToPointer": false,
        "numberOfElements": 1,
        "type": "int",
        "wordAlignedAddress": 0,
        "wordAlignedSize": 1,
      },
      "in": {
        "byteAddress": 4,
        "default": 0,
        "elementWordSize": 4,
        "id": "in",
        "isInteger": true,
        "isPointer": true,
        "isPointingToInteger": true,
        "isPointingToPointer": false,
        "numberOfElements": 1,
        "type": "int*",
        "wordAlignedAddress": 1,
        "wordAlignedSize": 1,
      },
      "out": {
        "byteAddress": 8,
        "default": 0,
        "elementWordSize": 4,
        "id": "out",
        "isInteger": true,
        "isPointer": false,
        "isPointingToInteger": false,
        "isPointingToPointer": false,
        "numberOfElements": 1,
        "type": "int",
        "wordAlignedAddress": 2,
        "wordAlignedSize": 1,
      },
      "test": {
        "byteAddress": 12,
        "default": 1,
        "elementWordSize": 4,
        "id": "test",
        "isInteger": true,
        "isPointer": false,
        "isPointingToInteger": false,
        "isPointingToPointer": false,
        "numberOfElements": 1,
        "type": "int",
        "wordAlignedAddress": 3,
        "wordAlignedSize": 1,
      },
    },
    "wordAlignedAddress": 0,
    "wordAlignedSize": 4,
  },
]
`;
