// Vitest Snapshot v1, https://vitest.dev/guide/snapshot.html

exports[`compiler > generateMemoryInitiatorFunction 1`] = `
[
  [
    9,
    0,
    65,
    12,
    65,
    1,
    54,
    2,
    0,
    11,
  ],
]
`;
