// Vitest Snapshot v1, https://vitest.dev/guide/snapshot.html

exports[`clearStack > if the generated AST, WAT and memory map match the snapshot 1`] = `
[
  {
    "arguments": [
      {
        "type": "identifier",
        "value": "clearStack",
      },
    ],
    "instruction": "module",
    "lineNumber": 0,
  },
  {
    "arguments": [
      {
        "isInteger": true,
        "type": "literal",
        "value": 1,
      },
    ],
    "instruction": "push",
    "lineNumber": 2,
  },
  {
    "arguments": [
      {
        "isInteger": true,
        "type": "literal",
        "value": 1,
      },
    ],
    "instruction": "push",
    "lineNumber": 3,
  },
  {
    "arguments": [],
    "instruction": "clearStack",
    "lineNumber": 4,
  },
  {
    "arguments": [],
    "instruction": "moduleEnd",
    "lineNumber": 6,
  },
]
`;

exports[`clearStack > if the generated AST, WAT and memory map match the snapshot 2`] = `
"(module
  (type (;0;) (func))
  (import "js" "memory" (memory (;0;) 1))
  (func (;0;) (type 0)
    i32.const 1
    i32.const 1
    drop
    drop)
  (export "test" (func 0)))
"
`;

exports[`clearStack > if the generated AST, WAT and memory map match the snapshot 3`] = `{}`;
