// Vitest Snapshot v1, https://vitest.dev/guide/snapshot.html

exports[`loadFloat > if the generated AST, WAT and memory map match the snapshot 1`] = `
[
  {
    "arguments": [
      {
        "type": "identifier",
        "value": "loadFloat",
      },
    ],
    "instruction": "module",
    "lineNumber": 0,
  },
  {
    "arguments": [
      {
        "type": "identifier",
        "value": "input",
      },
    ],
    "instruction": "float",
    "lineNumber": 1,
  },
  {
    "arguments": [
      {
        "type": "identifier",
        "value": "output",
      },
    ],
    "instruction": "float",
    "lineNumber": 2,
  },
  {
    "arguments": [
      {
        "type": "identifier",
        "value": "&output",
      },
    ],
    "instruction": "push",
    "lineNumber": 4,
  },
  {
    "arguments": [
      {
        "type": "identifier",
        "value": "&input",
      },
    ],
    "instruction": "push",
    "lineNumber": 5,
  },
  {
    "arguments": [],
    "instruction": "loadFloat",
    "lineNumber": 6,
  },
  {
    "arguments": [],
    "instruction": "store",
    "lineNumber": 7,
  },
  {
    "arguments": [],
    "instruction": "moduleEnd",
    "lineNumber": 9,
  },
]
`;

exports[`loadFloat > if the generated AST, WAT and memory map match the snapshot 2`] = `
"(module
  (type (;0;) (func))
  (import "js" "memory" (memory (;0;) 1))
  (func (;0;) (type 0)
    i32.const 4
    i32.const 0
    f32.load
    f32.store)
  (export "test" (func 0)))
"
`;

exports[`loadFloat > if the generated AST, WAT and memory map match the snapshot 3`] = `
{
  "input": {
    "byteAddress": 0,
    "default": 0,
    "elementWordSize": 4,
    "id": "input",
    "isInteger": false,
    "isPointer": false,
    "isPointingToInteger": false,
    "isPointingToPointer": false,
    "numberOfElements": 1,
    "type": "float",
    "wordAlignedAddress": 0,
    "wordAlignedSize": 1,
  },
  "output": {
    "byteAddress": 4,
    "default": 0,
    "elementWordSize": 4,
    "id": "output",
    "isInteger": false,
    "isPointer": false,
    "isPointingToInteger": false,
    "isPointingToPointer": false,
    "numberOfElements": 1,
    "type": "float",
    "wordAlignedAddress": 1,
    "wordAlignedSize": 1,
  },
}
`;
