// Jest Snapshot v1, https://goo.gl/fbAQLP

exports[`pow2 if the generated AST, WAT and memory map match the snapshot 1`] = `
[
  {
    "arguments": [
      {
        "type": "identifier",
        "value": "pow2",
      },
    ],
    "instruction": "module",
    "lineNumber": 0,
  },
  {
    "arguments": [
      {
        "type": "identifier",
        "value": "input",
      },
    ],
    "instruction": "int",
    "lineNumber": 2,
  },
  {
    "arguments": [
      {
        "type": "identifier",
        "value": "output",
      },
    ],
    "instruction": "int",
    "lineNumber": 3,
  },
  {
    "arguments": [
      {
        "type": "identifier",
        "value": "&output",
      },
    ],
    "instruction": "push",
    "lineNumber": 5,
  },
  {
    "arguments": [
      {
        "type": "identifier",
        "value": "input",
      },
    ],
    "instruction": "push",
    "lineNumber": 6,
  },
  {
    "arguments": [],
    "instruction": "pow2",
    "lineNumber": 7,
  },
  {
    "arguments": [],
    "instruction": "store",
    "lineNumber": 8,
  },
  {
    "arguments": [],
    "instruction": "moduleEnd",
    "lineNumber": 10,
  },
]
`;

exports[`pow2 if the generated AST, WAT and memory map match the snapshot 2`] = `
"(module
  (type (;0;) (func))
  (import "js" "memory" (memory (;0;) 1))
  (func (;0;) (type 0)
    (local i32 i32)
    i32.const 4
    i32.const 0
    i32.load
    i32.const 2
    i32.const 1
    i32.sub
    local.set 0
    local.set 1
    local.get 0
    local.get 1
    i32.shl
    i32.store)
  (export "test" (func 0)))
"
`;

exports[`pow2 if the generated AST, WAT and memory map match the snapshot 3`] = `
Map {
  "input" => {
    "byteAddress": 0,
    "default": 0,
    "elementWordSize": 4,
    "id": "input",
    "isInteger": true,
    "isPointer": false,
    "isPointingToInteger": false,
    "isPointingToPointer": false,
    "numberOfElements": 1,
    "type": "int",
    "wordAlignedAddress": 0,
    "wordAlignedSize": 1,
  },
  "output" => {
    "byteAddress": 4,
    "default": 0,
    "elementWordSize": 4,
    "id": "output",
    "isInteger": true,
    "isPointer": false,
    "isPointingToInteger": false,
    "isPointingToPointer": false,
    "numberOfElements": 1,
    "type": "int",
    "wordAlignedAddress": 1,
    "wordAlignedSize": 1,
  },
}
`;
