// Vitest Snapshot v1, https://vitest.dev/guide/snapshot.html

exports[`branchIfUnchanged >  1`] = `
[
  33,
  0,
  65,
  0,
  40,
  2,
  0,
  32,
  0,
  70,
  13,
  1,
  65,
  0,
  32,
  0,
  54,
  2,
  0,
]
`;

exports[`branchIfUnchanged >  2`] = `
[
  33,
  0,
  65,
  0,
  42,
  2,
  0,
  32,
  0,
  91,
  13,
  1,
  65,
  0,
  32,
  0,
  56,
  2,
  0,
]
`;
