// Jest Snapshot v1, https://goo.gl/fbAQLP

exports[`dup  1`] = `
[
  33,
  0,
  32,
  0,
  32,
  0,
]
`;

exports[`dup  2`] = `
[
  33,
  0,
  32,
  0,
  32,
  0,
]
`;
