// Vitest Snapshot v1, https://vitest.dev/guide/snapshot.html

exports[`ensureNonZero >  1`] = `
[
  33,
  0,
  32,
  0,
  69,
  4,
  127,
  65,
  1,
  5,
  32,
  0,
  11,
]
`;

exports[`ensureNonZero >  2`] = `
[
  33,
  0,
  32,
  0,
  67,
  0,
  0,
  0,
  0,
  91,
  4,
  125,
  67,
  0,
  0,
  128,
  63,
  5,
  32,
  0,
  11,
]
`;
