// Vitest Snapshot v1, https://vitest.dev/guide/snapshot.html

exports[`loadFloat >  1`] = `
[
  42,
  2,
  0,
]
`;

exports[`loadFloat >  2`] = `
[
  33,
  0,
  32,
  0,
  65,
  127,
  74,
  4,
  127,
  65,
  0,
  5,
  32,
  0,
  11,
  42,
  2,
  0,
]
`;
