// Vitest Snapshot v1, https://vitest.dev/guide/snapshot.html

exports[`generateCodeColorMap >  1`] = `
[
  [
    0,
    undefined,
    undefined,
    undefined,
    1,
    undefined,
    undefined,
    2,
    undefined,
    undefined,
    undefined,
    undefined,
    undefined,
    undefined,
    undefined,
    undefined,
    4,
    undefined,
  ],
]
`;
